#
# There is insufficient memory for the Java Runtime Environment to continue.
# Native memory allocation (mmap) failed to map 65536 bytes. Error detail: Failed to commit metaspace.
# Possible reasons:
#   The system is out of physical RAM or swap space
#   This process is running with CompressedOops enabled, and the Java Heap may be blocking the growth of the native heap
# Possible solutions:
#   Reduce memory load on the system
#   Increase physical memory or swap space
#   Check if swap backing store is full
#   Decrease Java heap size (-Xmx/-Xms)
#   Decrease number of Java threads
#   Decrease Java thread stack sizes (-Xss)
#   Set larger code cache with -XX:ReservedCodeCacheSize=
#   JVM is running with Unscaled Compressed Oops mode in which the Java heap is
#     placed in the first 4GB address space. The Java Heap base address is the
#     maximum limit for the native heap growth. Please use -XX:HeapBaseMinAddress
#     to set the Java Heap base and to place the Java Heap above 4GB virtual address.
# This output file may be truncated or incomplete.
#
#  Out of Memory Error (virtualSpaceNode.cpp:113), pid=15876, tid=6280
#
# JRE version: Java(TM) SE Runtime Environment (25.0.2+10) (build 25.0.2+10-LTS-69)
# Java VM: Java HotSpot(TM) 64-Bit Server VM (25.0.2+10-LTS-69, mixed mode, emulated-client, tiered, compressed oops, compressed class ptrs, g1 gc, windows-amd64)
# No core dump will be written. Minidumps are not enabled by default on client versions of Windows
#

---------------  S U M M A R Y ------------

Command Line: -XX:TieredStopAtLevel=1 com.example.todo_backend.TodoBackendApplication

Host: Intel(R) Celeron(R) CPU N3350 @ 1.10GHz, 2 cores, 3G,  Windows 10 , 64 bit Build 19041 (10.0.19041.5915)
Time: Fri Jun  5 13:17:49 2026 South Africa Standard Time elapsed time: 1.392643 seconds (0d 0h 0m 1s)

---------------  T H R E A D  ---------------

Current thread (0x00000279e3d09090):  JavaThread "main"             [_thread_in_vm, id=6280, stack(0x000000b5c3400000,0x000000b5c3500000) (1024K)]

Stack: [0x000000b5c3400000,0x000000b5c3500000]
Native frames: (J=compiled Java code, j=interpreted, Vv=VM code, C=native code)
V  [jvm.dll+0x7a70f9]  (no source info available)
V  [jvm.dll+0x772d6d]  (no source info available)
V  [jvm.dll+0x965d53]  (no source info available)
V  [jvm.dll+0x968351]  (no source info available)
V  [jvm.dll+0x968a63]  (no source info available)
V  [jvm.dll+0x2fc846]  (no source info available)
V  [jvm.dll+0x962c1e]  (no source info available)
V  [jvm.dll+0x73df54]  (no source info available)
V  [jvm.dll+0x73dfba]  (no source info available)
V  [jvm.dll+0x7408a9]  (no source info available)
V  [jvm.dll+0x740635]  (no source info available)
V  [jvm.dll+0x29b382]  (no source info available)
V  [jvm.dll+0x73e97e]  (no source info available)
V  [jvm.dll+0x2f7cdf]  (no source info available)
V  [jvm.dll+0x2f80e1]  (no source info available)
V  [jvm.dll+0x803a32]  (no source info available)
V  [jvm.dll+0x80487f]  (no source info available)
V  [jvm.dll+0x460a27]  (no source info available)
V  [jvm.dll+0x45f5bd]  (no source info available)
V  [jvm.dll+0x45f558]  (no source info available)
V  [jvm.dll+0x910cbf]  (no source info available)
V  [jvm.dll+0x4f9331]  (no source info available)
V  [jvm.dll+0x4fabc1]  (no source info available)
C  [jli.dll+0x543e]  (no source info available)
C  [ucrtbase.dll+0x21bb2]  (no source info available)
C  [KERNEL32.DLL+0x17374]  (no source info available)
C  [ntdll.dll+0x4cc91]  (no source info available)

Lock stack of current Java thread (top to bottom):
LockStack[0]: [I 
{0x00000000c6703350} - klass: {type array int} - flags: is_cloneable_fast 

 - length: 0


---------------  P R O C E S S  ---------------

Threads class SMR info:
_java_thread_list=0x00000279f499c550, length=8, elements={
0x00000279e3d09090, 0x00000279f49d3b50, 0x00000279f49d4b30, 0x00000279f49d6880,
0x00000279f49d7440, 0x00000279f49d8000, 0x00000279f49d8bc0, 0x00000279e5f8f180
}

Java Threads: ( => current thread )
=>0x00000279e3d09090 JavaThread "main"                              [_thread_in_vm, id=6280, stack(0x000000b5c3400000,0x000000b5c3500000) (1024K)]
  0x00000279f49d3b50 JavaThread "Reference Handler"          daemon [_thread_blocked, id=1956, stack(0x000000b5c3c00000,0x000000b5c3d00000) (1024K)]
  0x00000279f49d4b30 JavaThread "Finalizer"                  daemon [_thread_blocked, id=9772, stack(0x000000b5c3d00000,0x000000b5c3e00000) (1024K)]
  0x00000279f49d6880 JavaThread "Signal Dispatcher"          daemon [_thread_blocked, id=15644, stack(0x000000b5c3e00000,0x000000b5c3f00000) (1024K)]
  0x00000279f49d7440 JavaThread "Attach Listener"            daemon [_thread_blocked, id=16504, stack(0x000000b5c3f00000,0x000000b5c4000000) (1024K)]
  0x00000279f49d8000 JavaThread "Service Thread"             daemon [_thread_blocked, id=12648, stack(0x000000b5c4000000,0x000000b5c4100000) (1024K)]
  0x00000279f49d8bc0 JavaThread "Monitor Deflation Thread"   daemon [_thread_blocked, id=14100, stack(0x000000b5c4100000,0x000000b5c4200000) (1024K)]
  0x00000279e5f8f180 JavaThread "C1 CompilerThread0"         daemon [_thread_blocked, id=8784, stack(0x000000b5c4200000,0x000000b5c4300000) (1024K)]
Total: 8

Other Threads:
  0x00000279f4991b70 VMThread "VM Thread"                           [id=16636, stack(0x000000b5c3b00000,0x000000b5c3c00000) (1024K)]
  0x00000279e5ff2ea0 WatcherThread "VM Periodic Task Thread"        [id=12492, stack(0x000000b5c3a00000,0x000000b5c3b00000) (1024K)]
  0x00000279e5fbd300 WorkerThread "GC Thread#0"                     [id=16120, stack(0x000000b5c3500000,0x000000b5c3600000) (1024K)]
  0x00000279e5fcac00 ConcurrentGCThread "G1 Main Marker"            [id=13164, stack(0x000000b5c3600000,0x000000b5c3700000) (1024K)]
  0x00000279e5fcb9f0 WorkerThread "G1 Conc#0"                       [id=1428, stack(0x000000b5c3700000,0x000000b5c3800000) (1024K)]
  0x00000279e5fe4630 ConcurrentGCThread "G1 Refine#0"               [id=10468, stack(0x000000b5c3800000,0x000000b5c3900000) (1024K)]
  0x00000279e5fe63d0 ConcurrentGCThread "G1 Service"                [id=14616, stack(0x000000b5c3900000,0x000000b5c3a00000) (1024K)]
Total: 7

Threads with active compile tasks:
Total: 0

VM state: not at safepoint (normal execution)

VM Mutex/Monitor currently owned by a thread:  ([mutex/lock_event])
[0x00007ffe780d73e8] Metaspace_lock - owner thread: 0x00000279e3d09090

Heap address: 0x00000000c2a00000, size: 982 MB, Compressed Oops mode: 32-bit

CDS archive(s) not mapped
Compressed class space mapped at: 0x0000000015000000-0x0000000055000000, reserved size: 1073741824
UseCompressedClassPointers 1, UseCompactObjectHeaders 0
Narrow klass pointer bits 32, Max shift 3
Narrow klass base: 0x0000000000000000, Narrow klass shift: 0
Encoding Range: [0x0000000000000000 - 0x0000000100000000), (4294967296 bytes)
Klass Range:    [0x0000000015000000 - 0x0000000055000000), (1073741824 bytes)
Klass ID Range:  [352321536 - 1426063353) (1073741817)
No protection zone.

GC Precious Log:
 CardTable entry size: 512
 Card Set container configuration: InlinePtr #cards 5 size 8 Array Of Cards #cards 10 size 36 Howl #buckets 4 coarsen threshold 1843 Howl Bitmap #cards 512 size 80 coarsen threshold 460 Card regions per heap region 1 cards per card region 2048
 CPUs: 2 total, 2 available
 Memory: 3927M
 Large Page Support: Disabled
 NUMA Support: Disabled
 Compressed Oops: Enabled (32-bit)
 Heap Region Size: 1M
 Heap Min Capacity: 8M
 Heap Initial Capacity: 62M
 Heap Max Capacity: 982M
 Pre-touch: Disabled
 Parallel Workers: 2
 Concurrent Workers: 1
 Concurrent Refinement Workers: 2
 Periodic GC: Disabled

Heap:
 garbage-first heap   total reserved 1005568K, committed 63488K, used 0K [0x00000000c2a00000, 0x0000000100000000)
  region size 1024K, 1 young (1024K), 0 survivors (0K)

Heap Regions: E=young(eden), S=young(survivor), O=old, HS=humongous(starts), HC=humongous(continues), CS=collection set, F=free, TAMS=top-at-mark-start, PB=parsable bottom
|   0|0x00000000c2a00000, 0x00000000c2a00000, 0x00000000c2b00000|  0%| F|  |TAMS 0x00000000c2a00000| PB 0x00000000c2a00000| Untracked |  0
|   1|0x00000000c2b00000, 0x00000000c2b00000, 0x00000000c2c00000|  0%| F|  |TAMS 0x00000000c2b00000| PB 0x00000000c2b00000| Untracked |  0
|   2|0x00000000c2c00000, 0x00000000c2c00000, 0x00000000c2d00000|  0%| F|  |TAMS 0x00000000c2c00000| PB 0x00000000c2c00000| Untracked |  0
|   3|0x00000000c2d00000, 0x00000000c2d00000, 0x00000000c2e00000|  0%| F|  |TAMS 0x00000000c2d00000| PB 0x00000000c2d00000| Untracked |  0
|   4|0x00000000c2e00000, 0x00000000c2e00000, 0x00000000c2f00000|  0%| F|  |TAMS 0x00000000c2e00000| PB 0x00000000c2e00000| Untracked |  0
|   5|0x00000000c2f00000, 0x00000000c2f00000, 0x00000000c3000000|  0%| F|  |TAMS 0x00000000c2f00000| PB 0x00000000c2f00000| Untracked |  0
|   6|0x00000000c3000000, 0x00000000c3000000, 0x00000000c3100000|  0%| F|  |TAMS 0x00000000c3000000| PB 0x00000000c3000000| Untracked |  0
|   7|0x00000000c3100000, 0x00000000c3100000, 0x00000000c3200000|  0%| F|  |TAMS 0x00000000c3100000| PB 0x00000000c3100000| Untracked |  0
|   8|0x00000000c3200000, 0x00000000c3200000, 0x00000000c3300000|  0%| F|  |TAMS 0x00000000c3200000| PB 0x00000000c3200000| Untracked |  0
|   9|0x00000000c3300000, 0x00000000c3300000, 0x00000000c3400000|  0%| F|  |TAMS 0x00000000c3300000| PB 0x00000000c3300000| Untracked |  0
|  10|0x00000000c3400000, 0x00000000c3400000, 0x00000000c3500000|  0%| F|  |TAMS 0x00000000c3400000| PB 0x00000000c3400000| Untracked |  0
|  11|0x00000000c3500000, 0x00000000c3500000, 0x00000000c3600000|  0%| F|  |TAMS 0x00000000c3500000| PB 0x00000000c3500000| Untracked |  0
|  12|0x00000000c3600000, 0x00000000c3600000, 0x00000000c3700000|  0%| F|  |TAMS 0x00000000c3600000| PB 0x00000000c3600000| Untracked |  0
|  13|0x00000000c3700000, 0x00000000c3700000, 0x00000000c3800000|  0%| F|  |TAMS 0x00000000c3700000| PB 0x00000000c3700000| Untracked |  0
|  14|0x00000000c3800000, 0x00000000c3800000, 0x00000000c3900000|  0%| F|  |TAMS 0x00000000c3800000| PB 0x00000000c3800000| Untracked |  0
|  15|0x00000000c3900000, 0x00000000c3900000, 0x00000000c3a00000|  0%| F|  |TAMS 0x00000000c3900000| PB 0x00000000c3900000| Untracked |  0
|  16|0x00000000c3a00000, 0x00000000c3a00000, 0x00000000c3b00000|  0%| F|  |TAMS 0x00000000c3a00000| PB 0x00000000c3a00000| Untracked |  0
|  17|0x00000000c3b00000, 0x00000000c3b00000, 0x00000000c3c00000|  0%| F|  |TAMS 0x00000000c3b00000| PB 0x00000000c3b00000| Untracked |  0
|  18|0x00000000c3c00000, 0x00000000c3c00000, 0x00000000c3d00000|  0%| F|  |TAMS 0x00000000c3c00000| PB 0x00000000c3c00000| Untracked |  0
|  19|0x00000000c3d00000, 0x00000000c3d00000, 0x00000000c3e00000|  0%| F|  |TAMS 0x00000000c3d00000| PB 0x00000000c3d00000| Untracked |  0
|  20|0x00000000c3e00000, 0x00000000c3e00000, 0x00000000c3f00000|  0%| F|  |TAMS 0x00000000c3e00000| PB 0x00000000c3e00000| Untracked |  0
|  21|0x00000000c3f00000, 0x00000000c3f00000, 0x00000000c4000000|  0%| F|  |TAMS 0x00000000c3f00000| PB 0x00000000c3f00000| Untracked |  0
|  22|0x00000000c4000000, 0x00000000c4000000, 0x00000000c4100000|  0%| F|  |TAMS 0x00000000c4000000| PB 0x00000000c4000000| Untracked |  0
|  23|0x00000000c4100000, 0x00000000c4100000, 0x00000000c4200000|  0%| F|  |TAMS 0x00000000c4100000| PB 0x00000000c4100000| Untracked |  0
|  24|0x00000000c4200000, 0x00000000c4200000, 0x00000000c4300000|  0%| F|  |TAMS 0x00000000c4200000| PB 0x00000000c4200000| Untracked |  0
|  25|0x00000000c4300000, 0x00000000c4300000, 0x00000000c4400000|  0%| F|  |TAMS 0x00000000c4300000| PB 0x00000000c4300000| Untracked |  0
|  26|0x00000000c4400000, 0x00000000c4400000, 0x00000000c4500000|  0%| F|  |TAMS 0x00000000c4400000| PB 0x00000000c4400000| Untracked |  0
|  27|0x00000000c4500000, 0x00000000c4500000, 0x00000000c4600000|  0%| F|  |TAMS 0x00000000c4500000| PB 0x00000000c4500000| Untracked |  0
|  28|0x00000000c4600000, 0x00000000c4600000, 0x00000000c4700000|  0%| F|  |TAMS 0x00000000c4600000| PB 0x00000000c4600000| Untracked |  0
|  29|0x00000000c4700000, 0x00000000c4700000, 0x00000000c4800000|  0%| F|  |TAMS 0x00000000c4700000| PB 0x00000000c4700000| Untracked |  0
|  30|0x00000000c4800000, 0x00000000c4800000, 0x00000000c4900000|  0%| F|  |TAMS 0x00000000c4800000| PB 0x00000000c4800000| Untracked |  0
|  31|0x00000000c4900000, 0x00000000c4900000, 0x00000000c4a00000|  0%| F|  |TAMS 0x00000000c4900000| PB 0x00000000c4900000| Untracked |  0
|  32|0x00000000c4a00000, 0x00000000c4a00000, 0x00000000c4b00000|  0%| F|  |TAMS 0x00000000c4a00000| PB 0x00000000c4a00000| Untracked |  0
|  33|0x00000000c4b00000, 0x00000000c4b00000, 0x00000000c4c00000|  0%| F|  |TAMS 0x00000000c4b00000| PB 0x00000000c4b00000| Untracked |  0
|  34|0x00000000c4c00000, 0x00000000c4c00000, 0x00000000c4d00000|  0%| F|  |TAMS 0x00000000c4c00000| PB 0x00000000c4c00000| Untracked |  0
|  35|0x00000000c4d00000, 0x00000000c4d00000, 0x00000000c4e00000|  0%| F|  |TAMS 0x00000000c4d00000| PB 0x00000000c4d00000| Untracked |  0
|  36|0x00000000c4e00000, 0x00000000c4e00000, 0x00000000c4f00000|  0%| F|  |TAMS 0x00000000c4e00000| PB 0x00000000c4e00000| Untracked |  0
|  37|0x00000000c4f00000, 0x00000000c4f00000, 0x00000000c5000000|  0%| F|  |TAMS 0x00000000c4f00000| PB 0x00000000c4f00000| Untracked |  0
|  38|0x00000000c5000000, 0x00000000c5000000, 0x00000000c5100000|  0%| F|  |TAMS 0x00000000c5000000| PB 0x00000000c5000000| Untracked |  0
|  39|0x00000000c5100000, 0x00000000c5100000, 0x00000000c5200000|  0%| F|  |TAMS 0x00000000c5100000| PB 0x00000000c5100000| Untracked |  0
|  40|0x00000000c5200000, 0x00000000c5200000, 0x00000000c5300000|  0%| F|  |TAMS 0x00000000c5200000| PB 0x00000000c5200000| Untracked |  0
|  41|0x00000000c5300000, 0x00000000c5300000, 0x00000000c5400000|  0%| F|  |TAMS 0x00000000c5300000| PB 0x00000000c5300000| Untracked |  0
|  42|0x00000000c5400000, 0x00000000c5400000, 0x00000000c5500000|  0%| F|  |TAMS 0x00000000c5400000| PB 0x00000000c5400000| Untracked |  0
|  43|0x00000000c5500000, 0x00000000c5500000, 0x00000000c5600000|  0%| F|  |TAMS 0x00000000c5500000| PB 0x00000000c5500000| Untracked |  0
|  44|0x00000000c5600000, 0x00000000c5600000, 0x00000000c5700000|  0%| F|  |TAMS 0x00000000c5600000| PB 0x00000000c5600000| Untracked |  0
|  45|0x00000000c5700000, 0x00000000c5700000, 0x00000000c5800000|  0%| F|  |TAMS 0x00000000c5700000| PB 0x00000000c5700000| Untracked |  0
|  46|0x00000000c5800000, 0x00000000c5800000, 0x00000000c5900000|  0%| F|  |TAMS 0x00000000c5800000| PB 0x00000000c5800000| Untracked |  0
|  47|0x00000000c5900000, 0x00000000c5900000, 0x00000000c5a00000|  0%| F|  |TAMS 0x00000000c5900000| PB 0x00000000c5900000| Untracked |  0
|  48|0x00000000c5a00000, 0x00000000c5a00000, 0x00000000c5b00000|  0%| F|  |TAMS 0x00000000c5a00000| PB 0x00000000c5a00000| Untracked |  0
|  49|0x00000000c5b00000, 0x00000000c5b00000, 0x00000000c5c00000|  0%| F|  |TAMS 0x00000000c5b00000| PB 0x00000000c5b00000| Untracked |  0
|  50|0x00000000c5c00000, 0x00000000c5c00000, 0x00000000c5d00000|  0%| F|  |TAMS 0x00000000c5c00000| PB 0x00000000c5c00000| Untracked |  0
|  51|0x00000000c5d00000, 0x00000000c5d00000, 0x00000000c5e00000|  0%| F|  |TAMS 0x00000000c5d00000| PB 0x00000000c5d00000| Untracked |  0
|  52|0x00000000c5e00000, 0x00000000c5e00000, 0x00000000c5f00000|  0%| F|  |TAMS 0x00000000c5e00000| PB 0x00000000c5e00000| Untracked |  0
|  53|0x00000000c5f00000, 0x00000000c5f00000, 0x00000000c6000000|  0%| F|  |TAMS 0x00000000c5f00000| PB 0x00000000c5f00000| Untracked |  0
|  54|0x00000000c6000000, 0x00000000c6000000, 0x00000000c6100000|  0%| F|  |TAMS 0x00000000c6000000| PB 0x00000000c6000000| Untracked |  0
|  55|0x00000000c6100000, 0x00000000c6100000, 0x00000000c6200000|  0%| F|  |TAMS 0x00000000c6100000| PB 0x00000000c6100000| Untracked |  0
|  56|0x00000000c6200000, 0x00000000c6200000, 0x00000000c6300000|  0%| F|  |TAMS 0x00000000c6200000| PB 0x00000000c6200000| Untracked |  0
|  57|0x00000000c6300000, 0x00000000c6300000, 0x00000000c6400000|  0%| F|  |TAMS 0x00000000c6300000| PB 0x00000000c6300000| Untracked |  0
|  58|0x00000000c6400000, 0x00000000c6400000, 0x00000000c6500000|  0%| F|  |TAMS 0x00000000c6400000| PB 0x00000000c6400000| Untracked |  0
|  59|0x00000000c6500000, 0x00000000c6500000, 0x00000000c6600000|  0%| F|  |TAMS 0x00000000c6500000| PB 0x00000000c6500000| Untracked |  0
|  60|0x00000000c6600000, 0x00000000c6600000, 0x00000000c6700000|  0%| F|  |TAMS 0x00000000c6600000| PB 0x00000000c6600000| Untracked |  0
|  61|0x00000000c6700000, 0x00000000c67d71b0, 0x00000000c6800000| 84%| E|  |TAMS 0x00000000c6700000| PB 0x00000000c6700000| Complete |  0

Card table byte_map: [0x00000279e5bb0000,0x00000279e5da0000] _byte_map_base: 0x00000279e559b000

Marking Bits: (CMBitMap*) 0x00000279e5fbda90
 Bits: [0x00000279f1810000, 0x00000279f2768000)

Polling page: 0x00000279e3ca0000

Metaspace:
Metaspace        used 2899K, committed 2944K, reserved 1114112K
 class space     used 214K, committed 256K, reserved 1048576K

Usage:
  Non-class:      2.62 MB used.
      Class:    214.34 KB used.
       Both:      2.83 MB used.

Virtual space:
  Non-class space:       64.00 MB reserved,       2.62 MB (  4%) committed,  1 nodes.
      Class space:        1.00 GB reserved,     256.00 KB ( <1%) committed,  1 nodes.
             Both:        1.06 GB reserved,       2.88 MB ( <1%) committed. 

Chunk freelists:
   Non-Class:  12.00 MB
       Class:  15.75 MB
        Both:  27.75 MB

MaxMetaspaceSize: unlimited
CompressedClassSpaceSize: 1.00 GB
Initial GC threshold: 21.00 MB
Current GC threshold: 21.00 MB
CDS: off
 - commit_granule_bytes: 65536.
 - commit_granule_words: 8192.
 - virtual_space_node_default_size: 8388608.
 - enlarge_chunks_in_place: 1.
UseCompressedClassPointers 1, UseCompactObjectHeaders 0
Narrow klass pointer bits 32, Max shift 3
Narrow klass base: 0x0000000000000000, Narrow klass shift: 0
Encoding Range: [0x0000000000000000 - 0x0000000100000000), (4294967296 bytes)
Klass Range:    [0x0000000015000000 - 0x0000000055000000), (1073741824 bytes)
Klass ID Range:  [352321536 - 1426063353) (1073741817)
No protection zone.


Internal statistics:

num_allocs_failed_limit: 0.
num_arena_births: 2.
num_arena_deaths: 0.
num_vsnodes_births: 2.
num_vsnodes_deaths: 0.
num_space_committed: 46.
num_space_uncommitted: 0.
num_chunks_returned_to_freelist: 0.
num_chunks_taken_from_freelist: 2.
num_chunk_merges: 0.
num_chunk_splits: 2.
num_chunks_enlarged: 0.
num_inconsistent_stats: 0.

CodeCache: size=49152Kb used=1017Kb max_used=1017Kb free=48135Kb
 bounds [0x00000279ee810000, 0x00000279eea80000, 0x00000279f1810000]
 total_blobs=250, nmethods=0, adapters=177, full_count=0
Compilation: enabled, stopped_count=0, restarted_count=0

Compilation events (0 events):
No events

GC Heap Usage History (0 events):
No events

Metaspace Usage History (0 events):
No events

Dll operation events (1 events):
Event: 0.029 Loaded shared library C:\Program Files\Java\jdk-25.0.2\bin\java.dll

Deoptimization events (0 events):
No events

Classes loaded (20 events):
Event: 0.665 Loading class java/lang/Thread$State
Event: 0.666 Loading class java/lang/Thread$State done
Event: 0.666 Loading class java/lang/ref/Reference$ReferenceHandler
Event: 0.666 Loading class java/lang/ref/Reference$ReferenceHandler done
Event: 0.666 Loading class java/lang/Thread$ThreadIdentifiers
Event: 0.666 Loading class java/lang/Thread$ThreadIdentifiers done
Event: 0.667 Loading class java/lang/ref/Finalizer$FinalizerThread
Event: 0.667 Loading class java/lang/ref/Finalizer$FinalizerThread done
Event: 0.668 Loading class java/util/Collections
Event: 0.669 Loading class java/util/Collections done
Event: 0.670 Loading class java/util/Collections$EmptySet
Event: 0.670 Loading class java/util/Collections$EmptySet done
Event: 0.670 Loading class java/util/Collections$EmptyList
Event: 0.671 Loading class java/util/Collections$EmptyList done
Event: 0.671 Loading class java/util/Collections$EmptyMap
Event: 0.672 Loading class java/util/Collections$EmptyMap done
Event: 0.672 Loading class java/lang/IllegalArgumentException
Event: 0.672 Loading class java/lang/IllegalArgumentException done
Event: 0.683 Loading class jdk/internal/ref/Cleaner
Event: 0.684 Loading class jdk/internal/ref/Cleaner done

Classes unloaded (0 events):
No events

Classes redefined (0 events):
No events

Internal exceptions (0 events):
No events

VM Operations (0 events):
No events

Memory protections (0 events):
No events

Nmethod flushes (0 events):
No events

Events (8 events):
Event: 0.260 Thread 0x00000279e3d09090 Thread added: 0x00000279e3d09090
Event: 0.667 Thread 0x00000279e3d09090 Thread added: 0x00000279f49d3b50
Event: 0.668 Thread 0x00000279e3d09090 Thread added: 0x00000279f49d4b30
Event: 0.673 Thread 0x00000279e3d09090 Thread added: 0x00000279f49d6880
Event: 0.673 Thread 0x00000279e3d09090 Thread added: 0x00000279f49d7440
Event: 0.673 Thread 0x00000279e3d09090 Thread added: 0x00000279f49d8000
Event: 0.674 Thread 0x00000279e3d09090 Thread added: 0x00000279f49d8bc0
Event: 0.674 Thread 0x00000279e3d09090 Thread added: 0x00000279e5f8f180


Dynamic libraries:
0x00007ff6f2730000 - 0x00007ff6f2740000 	C:\Program Files\Java\jdk-25.0.2\bin\java.exe
0x00007ffeff630000 - 0x00007ffeff828000 	C:\WINDOWS\SYSTEM32\ntdll.dll
0x00007ffed1e70000 - 0x00007ffed1e91000 	C:\Program Files\AVG\Antivirus\aswhook.dll
0x00007ffeff3e0000 - 0x00007ffeff4a2000 	C:\WINDOWS\System32\KERNEL32.DLL
0x00007ffefd0a0000 - 0x00007ffefd396000 	C:\WINDOWS\System32\KERNELBASE.dll
0x00007ffefd3f0000 - 0x00007ffefd4f0000 	C:\WINDOWS\System32\ucrtbase.dll
0x00007ffeed7d0000 - 0x00007ffeed7e7000 	C:\Program Files\Java\jdk-25.0.2\bin\jli.dll
0x00007ffefe850000 - 0x00007ffefe9f1000 	C:\WINDOWS\System32\USER32.dll
0x00007ffefccc0000 - 0x00007ffefcce2000 	C:\WINDOWS\System32\win32u.dll
0x00007ffefe200000 - 0x00007ffefe22b000 	C:\WINDOWS\System32\GDI32.dll
0x00007ffefce50000 - 0x00007ffefcf69000 	C:\WINDOWS\System32\gdi32full.dll
0x00007ffefd5b0000 - 0x00007ffefd64d000 	C:\WINDOWS\System32\msvcp_win.dll
0x00007ffeed7b0000 - 0x00007ffeed7ce000 	C:\Program Files\Java\jdk-25.0.2\bin\VCRUNTIME140.dll
0x00007ffee9290000 - 0x00007ffee952b000 	C:\WINDOWS\WinSxS\amd64_microsoft.windows.common-controls_6595b64144ccf1df_6.0.19041.6456_none_60b8a6cb71f64256\COMCTL32.dll
0x00007ffefebd0000 - 0x00007ffefec6e000 	C:\WINDOWS\System32\msvcrt.dll
0x00007ffefeb30000 - 0x00007ffefeb5f000 	C:\WINDOWS\System32\IMM32.DLL
0x00007ffeed7a0000 - 0x00007ffeed7ac000 	C:\Program Files\Java\jdk-25.0.2\bin\vcruntime140_1.dll
0x00007ffee78d0000 - 0x00007ffee795d000 	C:\Program Files\Java\jdk-25.0.2\bin\msvcp140.dll
0x00007ffe77360000 - 0x00007ffe781bf000 	C:\Program Files\Java\jdk-25.0.2\bin\server\jvm.dll
0x00007ffefea70000 - 0x00007ffefeb21000 	C:\WINDOWS\System32\ADVAPI32.dll
0x00007ffefe230000 - 0x00007ffefe2cf000 	C:\WINDOWS\System32\sechost.dll
0x00007ffefe0e0000 - 0x00007ffefe200000 	C:\WINDOWS\System32\RPCRT4.dll
0x00007ffefd4f0000 - 0x00007ffefd517000 	C:\WINDOWS\System32\bcrypt.dll
0x00007ffefe7e0000 - 0x00007ffefe84b000 	C:\WINDOWS\System32\WS2_32.dll
0x00007ffefc200000 - 0x00007ffefc24b000 	C:\WINDOWS\SYSTEM32\POWRPROF.dll
0x00007ffedc890000 - 0x00007ffedc8b7000 	C:\WINDOWS\SYSTEM32\WINMM.dll
0x00007ffeeb440000 - 0x00007ffeeb44a000 	C:\WINDOWS\SYSTEM32\VERSION.dll
0x00007ffefc0c0000 - 0x00007ffefc0d2000 	C:\WINDOWS\SYSTEM32\UMPDC.dll
0x00007ffefaa50000 - 0x00007ffefaa62000 	C:\WINDOWS\SYSTEM32\kernel.appcore.dll
0x00007ffeed790000 - 0x00007ffeed79a000 	C:\Program Files\Java\jdk-25.0.2\bin\jimage.dll
0x00007ffefa140000 - 0x00007ffefa341000 	C:\WINDOWS\SYSTEM32\DBGHELP.DLL
0x00007ffeeb390000 - 0x00007ffeeb3c4000 	C:\WINDOWS\SYSTEM32\dbgcore.DLL
0x00007ffefd520000 - 0x00007ffefd5a2000 	C:\WINDOWS\System32\bcryptPrimitives.dll
0x00007ffee8f70000 - 0x00007ffee8f8f000 	C:\Program Files\Java\jdk-25.0.2\bin\java.dll
0x00007ffefe500000 - 0x00007ffefe62b000 	C:\WINDOWS\System32\ole32.dll
0x00007ffefdc70000 - 0x00007ffefdfc4000 	C:\WINDOWS\System32\combase.dll
0x00007ffefec70000 - 0x00007ffeff3e0000 	C:\WINDOWS\System32\SHELL32.dll
0x00007ffefad30000 - 0x00007ffefb4d5000 	C:\WINDOWS\SYSTEM32\windows.storage.dll
0x00007ffefc6f0000 - 0x00007ffefc71b000 	C:\WINDOWS\SYSTEM32\Wldp.dll
0x00007ffefd650000 - 0x00007ffefd71d000 	C:\WINDOWS\System32\OLEAUT32.dll
0x00007ffefdba0000 - 0x00007ffefdc4d000 	C:\WINDOWS\System32\SHCORE.dll
0x00007ffeff4b0000 - 0x00007ffeff50b000 	C:\WINDOWS\System32\shlwapi.dll
0x00007ffefcbf0000 - 0x00007ffefcc14000 	C:\WINDOWS\SYSTEM32\profapi.dll

JVMTI agents: none

dbghelp: loaded successfully - version: 4.0.5 - missing functions: none
symbol engine: initialized successfully - sym options: 0x614 - pdb path: .;C:\Program Files\Java\jdk-25.0.2\bin;C:\WINDOWS\SYSTEM32;C:\Program Files\AVG\Antivirus;C:\WINDOWS\WinSxS\amd64_microsoft.windows.common-controls_6595b64144ccf1df_6.0.19041.6456_none_60b8a6cb71f64256;C:\Program Files\Java\jdk-25.0.2\bin\server

VM Arguments:
jvm_args: -XX:TieredStopAtLevel=1 
java_command: com.example.todo_backend.TodoBackendApplication
java_class_path (initial): C:\Users\Thandeka\Downloads\TodoSpringboot-824307a5f1aabdc8b5592664d3e5b43ed748c18a\TodoSpringboot-824307a5f1aabdc8b5592664d3e5b43ed748c18a\target\classes;C:\Users\Thandeka\.m2\repository\org\springframework\boot\spring-boot\3.5.14\spring-boot-3.5.14.jar;C:\Users\Thandeka\.m2\repository\org\springframework\boot\spring-boot-autoconfigure\3.5.14\spring-boot-autoconfigure-3.5.14.jar;C:\Users\Thandeka\.m2\repository\ch\qos\logback\logback-classic\1.5.32\logback-classic-1.5.32.jar;C:\Users\Thandeka\.m2\repository\ch\qos\logback\logback-core\1.5.32\logback-core-1.5.32.jar;C:\Users\Thandeka\.m2\repository\org\apache\logging\log4j\log4j-to-slf4j\2.24.3\log4j-to-slf4j-2.24.3.jar;C:\Users\Thandeka\.m2\repository\org\apache\logging\log4j\log4j-api\2.24.3\log4j-api-2.24.3.jar;C:\Users\Thandeka\.m2\repository\org\slf4j\jul-to-slf4j\2.0.17\jul-to-slf4j-2.0.17.jar;C:\Users\Thandeka\.m2\repository\jakarta\annotation\jakarta.annotation-api\2.1.1\jakarta.annotation-api-2.1.1.jar;C:\Users\Thandeka\.m2\repository\org\yaml\snakeyaml\2.4\snakeyaml-2.4.jar;C:\Users\Thandeka\.m2\repository\org\springframework\boot\spring-boot-actuator-autoconfigure\3.5.14\spring-boot-actuator-autoconfigure-3.5.14.jar;C:\Users\Thandeka\.m2\repository\org\springframework\boot\spring-boot-actuator\3.5.14\spring-boot-actuator-3.5.14.jar;C:\Users\Thandeka\.m2\repository\com\fasterxml\jackson\core\jackson-databind\2.21.2\jackson-databind-2.21.2.jar;C:\Users\Thandeka\.m2\repository\com\fasterxml\jackson\core\jackson-annotations\2.21\jackson-annotations-2.21.jar;C:\Users\Thandeka\.m2\repository\com\fasterxml\jackson\core\jackson-core\2.21.2\jackson-core-2.21.2.jar;C:\Users\Thandeka\.m2\repository\com\fasterxml\jackson\datatype\jackson-datatype-jsr310\2.21.2\jackson-datatype-jsr310-2.21.2.jar;C:\Users\Thandeka\.m2\repository\io\micrometer\micrometer-observation\1.15.11\micrometer-observation-1.15.11.jar;C:\Users\Thandeka\.m2\repository\io\micrometer\micrometer-commons\1.15.11\micrometer-commons-1.15.11.jar;C:\Users\Thandeka\.m2\repository\io\micrometer\micrometer-jakarta9\1.15.11\micrometer-jakarta9-1.15.11.jar;C:\Users\Thandeka\.m2\repository\io\micrometer\micrometer-core\1.15.11\micrometer-core-1.15.11.jar;C:\Users\Thandeka\.m2\repository\org\hdrhistogram\HdrHistogram\2.2.2\HdrHistogram-2.2.2.jar;C:\Users\Thandeka\.m2\repository\org\latencyutils\LatencyUtils\2.0.3\LatencyUtils-2.0.3.jar;C:\Users\Thandeka\.m2\repository\com\zaxxer\HikariCP\6.3.3\HikariCP-6.3.3.jar;C:\Users\Thandeka\.m2\repository\org\springframework\spring-jdbc\6.2.18\spring-jdbc-6.2.18.jar;C:\Users\Thandeka\.m2\repository\org\hibernate\orm\hibernate-core\6.6.49.Final\hibernate-core-6.6.49.Final.jar;C:\Users\Thandeka\.m2\repository\jakarta\persistence\jakarta.persistence-api\3.1.0\jakarta.persistence-api-3.1.0.jar;C:\Users\Thandeka\.m2\repository\jakarta\transaction\jakarta.transaction-api\2.0.1\jakarta.transaction-api-2.0.1.jar;C:\Users\Thandeka\.m2\repository\org\jboss\logging\jboss-logging\3.6.3.Final\jboss-logging-3.6.3.Final.jar;C:\Users\Thandeka\.m2\repository\org\hibernate\common\hibernate-commons-annotations\7.0.3.Final\hibernate-commons-annotations-7.0.3.Final.jar;C:\Users\Thandeka\.m2\repository\io\smallrye\jandex\3.2.0\jandex-3.2.0.jar;C:\Users\Thandeka\.m2\repository\com\fasterxml\classmate\1.7.3\classmate-1.7.3.jar;C:\Users\Thandeka\.m2\repository\net\bytebuddy\byte-buddy\1.17.8\byte-buddy-1.17.8.jar;C:\Users\Thandeka\.m2\repository\org\glassfish\jaxb\jaxb-runtime\4.0.6\jaxb-runtime-4.0.6.jar;C:\Users\Thandeka\.m2\repository\org\glassfish\jaxb\jaxb-core\4.0.6\jaxb-core-4.0.6.jar;C:\Users\Thandeka\.m2\repository\org\eclipse\angus\angus-activation\2.0.3\angus-activation-2.0.3.jar;C:\Users\Thandeka\.m2\repository\org\glassfish\jaxb\txw2\4.0.6\txw2-4.0.6.jar;C:\Users\Thandeka\.m2\repository\com\sun\istack\istack-commons-runtime\4.1.2\istack-commons-runtime-4.1.2.jar;C:\Users\Thandeka\.m2\repository\jakarta\inject\jakarta.inject-api\2.0.1\jakarta.inject-api-2.0.1.jar;C:\Users\Thandeka\.m2\repository\org\antlr\antlr4-runtime\4.13.0\antlr4-runtime-4.13.0.jar;C:\Users\Thandeka\.m2\repository\org\springframework\data\spring-data-jpa\3.5.11\spring-data-jpa-3.5.11.jar;C:\Users\Thandeka\.m2\repository\org\springframework\data\spring-data-commons\3.5.11\spring-data-commons-3.5.11.jar;C:\Users\Thandeka\.m2\repository\org\springframework\spring-orm\6.2.18\spring-orm-6.2.18.jar;C:\Users\Thandeka\.m2\repository\org\springframework\spring-context\6.2.18\spring-context-6.2.18.jar;C:\Users\Thandeka\.m2\repository\org\springframework\spring-aop\6.2.18\spring-aop-6.2.18.jar;C:\Users\Thandeka\.m2\repository\org\springframework\spring-tx\6.2.18\spring-tx-6.2.18.jar;C:\Users\Thandeka\.m2\repository\org\springframework\spring-beans\6.2.18\spring-beans-6.2.18.jar;C:\Users\Thandeka\.m2\repository\org\slf4j\slf4j-api\2.0.17\slf4j-api-2.0.17.jar;C:\Users\Thandeka\.m2\repository\org\springframework\spring-aspects\6.2.18\spring-aspects-6.2.18.jar;C:\Users\Thandeka\.m2\repository\org\aspectj\aspectjweaver\1.9.25.1\aspectjweaver-1.9.25.1.jar;C:\Users\Thandeka\.m2\repository\com\fasterxml\jackson\datatype\jackson-datatype-jdk8\2.21.2\jackson-datatype-jdk8-2.21.2.jar;C:\Users\Thandeka\.m2\repository\com\fasterxml\jackson\module\jackson-module-parameter-names\2.21.2\jackson-module-parameter-names-2.21.2.jar;C:\Users\Thandeka\.m2\repository\org\apache\tomcat\embed\tomcat-embed-core\10.1.54\tomcat-embed-core-10.1.54.jar;C:\Users\Thandeka\.m2\repository\org\apache\tomcat\embed\tomcat-embed-el\10.1.54\tomcat-embed-el-10.1.54.jar;C:\Users\Thandeka\.m2\repository\org\apache\tomcat\embed\tomcat-embed-websocket\10.1.54\tomcat-embed-websocket-10.1.54.jar;C:\Users\Thandeka\.m2\repository\org\springframework\spring-web\6.2.18\spring-web-6.2.18.jar;C:\Users\Thandeka\.m2\repository\org\springframework\spring-webmvc\6.2.18\spring-webmvc-6.2.18.jar;C:\Users\Thandeka\.m2\repository\org\springframework\spring-expression\6.2.18\spring-expression-6.2.18.jar;C:\Users\Thandeka\.m2\repository\org\springdoc\springdoc-openapi-starter-webmvc-ui\2.8.16\springdoc-openapi-starter-webmvc-ui-2.8.16.jar;C:\Users\Thandeka\.m2\repository\org\springdoc\springdoc-openapi-starter-webmvc-api\2.8.16\springdoc-openapi-starter-webmvc-api-2.8.16.jar;C:\Users\Thandeka\.m2\repository\org\springdoc\springdoc-openapi-starter-common\2.8.16\springdoc-openapi-starter-common-2.8.16.jar;C:\Users\Thandeka\.m2\repository\org\hibernate\validator\hibernate-validator\8.0.3.Final\hibernate-validator-8.0.3.Final.jar;C:\Users\Thandeka\.m2\repository\io\swagger\core\v3\swagger-core-jakarta\2.2.43\swagger-core-jakarta-2.2.43.jar;C:\Users\Thandeka\.m2\repository\org\apache\commons\commons-lang3\3.17.0\commons-lang3-3.17.0.jar;C:\Users\Thandeka\.m2\repository\io\swagger\core\v3\swagger-annotations-jakarta\2.2.43\swagger-annotations-jakarta-2.2.43.jar;C:\Users\Thandeka\.m2\repository\io\swagger\core\v3\swagger-models-jakarta\2.2.43\swagger-models-jakarta-2.2.43.jar;C:\Users\Thandeka\.m2\repository\jakarta\validation\jakarta.validation-api\3.0.2\jakarta.validation-api-3.0.2.jar;C:\Users\Thandeka\.m2\repository\com\fasterxml\jackson\dataformat\jackson-dataformat-yaml\2.21.2\jackson-dataformat-yaml-2.21.2.jar;C:\Users\Thandeka\.m2\repository\org\webjars\swagger-ui\5.32.0\swagger-ui-5.32.0.jar;C:\Users\Thandeka\.m2\repository\org\webjars\webjars-locator-lite\1.1.3\webjars-locator-lite-1.1.3.jar;C:\Users\Thandeka\.m2\repository\org\jspecify\jspecify\1.0.0\jspecify-1.0.0.jar;C:\Users\Thandeka\.m2\repository\com\h2database\h2\2.3.232\h2-2.3.232.jar;C:\Users\Thandeka\.m2\repository\jakarta\xml\bind\jakarta.xml.bind-api\4.0.4\jakarta.xml.bind-api-4.0.4.jar;C:\Users\Thandeka\.m2\repository\jakarta\activation\jakarta.activation-api\2.1.4\jakarta.activation-api-2.1.4.jar;C:\Users\Thandeka\.m2\repository\org\springframework\spring-core\6.2.18\spring-core-6.2.18.jar;C:\Users\Thandeka\.m2\repository\org\springframework\spring-jcl\6.2.18\spring-jcl-6.2.18.jar
Launcher Type: SUN_STANDARD

[Global flags]
     intx CICompilerCount                          = 1                                         {product} {ergonomic}
     uint ConcGCThreads                            = 1                                         {product} {ergonomic}
     uint G1ConcRefinementThreads                  = 2                                         {product} {ergonomic}
   size_t G1HeapRegionSize                         = 1048576                                   {product} {ergonomic}
   size_t InitialHeapSize                          = 65011712                                  {product} {ergonomic}
   size_t MarkStackSize                            = 4194304                                   {product} {ergonomic}
   size_t MarkStackSizeMax                         = 536870912                                 {product} {ergonomic}
   size_t MaxHeapSize                              = 1029701632                                {product} {ergonomic}
   size_t MaxNewSize                               = 617611264                                 {product} {ergonomic}
   size_t MinHeapDeltaBytes                        = 1048576                                   {product} {ergonomic}
   size_t MinHeapSize                              = 8388608                                   {product} {ergonomic}
    uintx NonNMethodCodeHeapSize                   = 4096                                   {pd product} {ergonomic}
    uintx NonProfiledCodeHeapSize                  = 0                                      {pd product} {ergonomic}
     bool ProfileInterpreter                       = false                                  {pd product} {command line}
    uintx ProfiledCodeHeapSize                     = 0                                      {pd product} {ergonomic}
   size_t SoftMaxHeapSize                          = 1029701632                             {manageable} {ergonomic}
     intx TieredStopAtLevel                        = 1                                         {product} {command line}
     bool UseCompressedOops                        = true                           {product lp64_product} {ergonomic}
     bool UseG1GC                                  = true                                      {product} {ergonomic}
     bool UseLargePagesIndividualAllocation        = false                                  {pd product} {ergonomic}

Logging:
Log output configuration:
 #0: stdout all=warning uptime,level,tags foldmultilines=false
 #1: stderr all=off uptime,level,tags foldmultilines=false

Release file:
<release file has not been read>
Environment Variables:
PATH=C:\Program Files\Common Files\Oracle\Java\javapath;C:\WINDOWS\system32;C:\WINDOWS;C:\WINDOWS\System32\Wbem;C:\WINDOWS\System32\WindowsPowerShell\v1.0\;C:\WINDOWS\System32\OpenSSH\;C:\Program Files\Intel\TXE Components\DAL\;C:\Program Files (x86)\Intel\TXE Components\DAL\;C:\WINDOWS\system32;C:\WINDOWS;C:\WINDOWS\System32\Wbem;C:\WINDOWS\System32\WindowsPowerShell\v1.0\;C:\WINDOWS\System32\OpenSSH\;C:\Recovery\OEM\Backup\;C:\Program Files\nodejs\;C:\Users\Thandeka\Downloads\apache-maven-3.9.16-bin\apache-maven-3.9.16\bin;C:\Program Files\Git\cmd;C:\Users\Thandeka\AppData\Local\Microsoft\WindowsApps;C:\Users\Thandeka\AppData\Local\Programs\Microsoft VS Code\bin;C:\Users\Thandeka\AppData\Roaming\npm;c:\Users\Thandeka\.vscode\extensions\vscjava.vscode-java-debug-0.59.2026052105\bundled\scripts\noConfigScripts
USERNAME=Thandeka
LANG=en_US.UTF-8
OS=Windows_NT
PROCESSOR_IDENTIFIER=Intel64 Family 6 Model 92 Stepping 9, GenuineIntel
TMP=C:\Users\Thandeka\AppData\Local\Temp
TEMP=C:\Users\Thandeka\AppData\Local\Temp




Compilation memory statistics disabled.

Periodic native trim disabled

---------------  S Y S T E M  ---------------

OS:
 Windows 10 , 64 bit Build 19041 (10.0.19041.5915)
OS uptime: 0 days 4:01 hours

CPU: total 2 (initial active 2) (2 cores per cpu, 1 threads per core) family 6 model 92 stepping 9 microcode 0x38, cx8, cmov, fxsr, mmx, 3dnowpref, sse, sse2, sse3, ssse3, sse4.1, sse4.2, popcnt, tsc, tscinvbit, aes, erms, clmul, sha, clflush, clflushopt, rdtscp
Processor Information for the first 2 processors :
  Max Mhz: 1101, Current Mhz: 1101, Mhz Limit: 1101

Memory: 4k page, system-wide physical 3927M (480M free)
TotalPageFile size 8652M (AvailPageFile size 9M)
current process WorkingSet (physical memory assigned to process): 21M, peak: 21M
current process commit charge ("private bytes"): 112M, peak: 120M

vm_info: Java HotSpot(TM) 64-Bit Server VM (25.0.2+10-LTS-69) for windows-amd64 JRE (25.0.2+10-LTS-69), built on 2025-12-18T11:36:35Z with MS VC++ 17.13 (VS2022)

END.
