#
# There is insufficient memory for the Java Runtime Environment to continue.
# Native memory allocation (mmap) failed to map 65011712 bytes. Error detail: G1 virtual space
# Possible reasons:
#   The system is out of physical RAM or swap space
#   This process is running with CompressedOops enabled, and the Java Heap may be blocking the growth of the native heap
# Possible solutions:
#   Reduce memory load on the system
#   Increase physical memory or swap space
#   Check if swap backing store is full
#   Decrease Java heap size (-Xmx/-Xms)
#   Decrease number of Java threads
#   Decrease Java thread stack sizes (-Xss)
#   Set larger code cache with -XX:ReservedCodeCacheSize=
#   JVM is running with Unscaled Compressed Oops mode in which the Java heap is
#     placed in the first 4GB address space. The Java Heap base address is the
#     maximum limit for the native heap growth. Please use -XX:HeapBaseMinAddress
#     to set the Java Heap base and to place the Java Heap above 4GB virtual address.
# This output file may be truncated or incomplete.
#
#  Out of Memory Error (os_windows.cpp:3554), pid=3356, tid=11688
#
# JRE version:  (25.0.2+10) (build )
# Java VM: Java HotSpot(TM) 64-Bit Server VM (25.0.2+10-LTS-69, mixed mode, emulated-client, sharing, tiered, compressed oops, compressed class ptrs, g1 gc, windows-amd64)
# No core dump will be written. Minidumps are not enabled by default on client versions of Windows
#

---------------  S U M M A R Y ------------

Command Line: -XX:TieredStopAtLevel=1 com.example.todo_backend.TodoBackendApplication

Host: Intel(R) Celeron(R) CPU N3350 @ 1.10GHz, 2 cores, 3G,  Windows 10 , 64 bit Build 19041 (10.0.19041.5915)
Time: Fri Jun  5 13:19:32 2026 South Africa Standard Time elapsed time: 0.053596 seconds (0d 0h 0m 0s)

---------------  T H R E A D  ---------------

Current thread (0x000001addc4c9530):  JavaThread "Unknown thread" [_thread_in_vm, id=11688, stack(0x0000004749f00000,0x000000474a000000) (1024K)]

Stack: [0x0000004749f00000,0x000000474a000000]
Native frames: (J=compiled Java code, j=interpreted, Vv=VM code, C=native code)
V  [jvm.dll+0x7a70f9]  (no source info available)
V  [jvm.dll+0x772d6d]  (no source info available)
V  [jvm.dll+0x965d53]  (no source info available)
V  [jvm.dll+0x968351]  (no source info available)
V  [jvm.dll+0x968a63]  (no source info available)
V  [jvm.dll+0x2fc846]  (no source info available)
V  [jvm.dll+0x7a3325]  (no source info available)
V  [jvm.dll+0x796737]  (no source info available)
V  [jvm.dll+0x3f4988]  (no source info available)
V  [jvm.dll+0x3fc8d6]  (no source info available)
V  [jvm.dll+0x3e8f7e]  (no source info available)
V  [jvm.dll+0x3e9238]  (no source info available)
V  [jvm.dll+0x3c0145]  (no source info available)
V  [jvm.dll+0x3c0dce]  (no source info available)
V  [jvm.dll+0x92cdf7]  (no source info available)
V  [jvm.dll+0x458f02]  (no source info available)
V  [jvm.dll+0x9107a2]  (no source info available)
V  [jvm.dll+0x4f9331]  (no source info available)
V  [jvm.dll+0x4fabc1]  (no source info available)
C  [jli.dll+0x543e]  (no source info available)
C  [ucrtbase.dll+0x21bb2]  (no source info available)
C  [KERNEL32.DLL+0x17374]  (no source info available)
C  [ntdll.dll+0x4cc91]  (no source info available)

Lock stack of current Java thread (top to bottom):


---------------  P R O C E S S  ---------------

Threads class SMR info:
_java_thread_list=0x00007ffe78055388, length=0, elements={
}

Java Threads: ( => current thread )
Total: 0

Other Threads:
  0x000001adde6dc5b0 WorkerThread "GC Thread#0"                     [id=9012, stack(0x000000474a000000,0x000000474a100000) (1024K)]
  0x000001adde6e9830 ConcurrentGCThread "G1 Main Marker"            [id=16584, stack(0x000000474a100000,0x000000474a200000) (1024K)]
  0x000001adde6ecc50 WorkerThread "G1 Conc#0"                       [id=3156, stack(0x000000474a200000,0x000000474a300000) (1024K)]

[error occurred during error reporting (printing all threads), id 0xc0000005, EXCEPTION_ACCESS_VIOLATION (0xc0000005) at pc=0x00007ffe77734f1a]
VM state: not at safepoint (not fully initialized)

VM Mutex/Monitor currently owned by a thread:  ([mutex/lock_event])
[0x00007ffe780d9768] Heap_lock - owner thread: 0x000001addc4c9530

Heap address: 0x00000000c2a00000, size: 982 MB, Compressed Oops mode: 32-bit

CDS archive(s) mapped at: [0x0000000000000000-0x0000000000000000-0x0000000000000000), size 0, SharedBaseAddress: 0x0000000800000000, ArchiveRelocationMode: 1.
UseCompressedClassPointers 1, UseCompactObjectHeaders 0
Narrow klass pointer bits 32, Max shift 3
Narrow klass base: 0xffffffffffffffff, Narrow klass shift: -1
Encoding Range: [0xffffffffffffffff - 0x000000007fffffff), (2147483648 bytes)
Klass Range:    [0x0000000000000000 - 0x0000000000000000), (0 bytes)
Klass ID Range:  [4294967295 - 0) (1)
No protection zone.

GC Precious Log:
 CardTable entry size: 512
 Card Set container configuration: InlinePtr #cards 5 size 8 Array Of Cards #cards 10 size 36 Howl #buckets 4 coarsen threshold 1843 Howl Bitmap #cards 512 size 80 coarsen threshold 460 Card regions per heap region 1 cards per card region 2048

Heap:
 garbage-first heap   total reserved 1005568K, committed 0K, used 0K [0x00000000c2a00000, 0x0000000100000000)
  region size 1024K, 0 young (0K), 0 survivors (0K)

Heap Regions: E=young(eden), S=young(survivor), O=old, HS=humongous(starts), HC=humongous(continues), CS=collection set, F=free, TAMS=top-at-mark-start, PB=parsable bottom

Card table byte_map: [0x000001adde2d0000,0x000001adde4c0000] _byte_map_base: 0x000001adddcbb000

Marking Bits: (CMBitMap*) 0x000001adde6dcd40
 Bits: [0x000001ade9f30000, 0x000001adeae88000)

GC Heap Usage History (0 events):
No events

Metaspace Usage History (0 events):
No events

Dll operation events (1 events):
Event: 0.029 Loaded shared library C:\Program Files\Java\jdk-25.0.2\bin\java.dll

Deoptimization events (0 events):
No events

Classes loaded (0 events):
No events

Classes unloaded (0 events):
No events

Classes redefined (0 events):
No events

Internal exceptions (0 events):
No events

VM Operations (0 events):
No events

Memory protections (0 events):
No events

Nmethod flushes (0 events):
No events

Events (0 events):
No events


Dynamic libraries:
0x00007ff6f2730000 - 0x00007ff6f2740000 	C:\Program Files\Java\jdk-25.0.2\bin\java.exe
0x00007ffeff630000 - 0x00007ffeff828000 	C:\WINDOWS\SYSTEM32\ntdll.dll
0x00007ffed1e70000 - 0x00007ffed1e91000 	C:\Program Files\AVG\Antivirus\aswhook.dll
0x00007ffeff3e0000 - 0x00007ffeff4a2000 	C:\WINDOWS\System32\KERNEL32.DLL
0x00007ffefd0a0000 - 0x00007ffefd396000 	C:\WINDOWS\System32\KERNELBASE.dll
0x00007ffefd3f0000 - 0x00007ffefd4f0000 	C:\WINDOWS\System32\ucrtbase.dll
0x00007ffeed7d0000 - 0x00007ffeed7e7000 	C:\Program Files\Java\jdk-25.0.2\bin\jli.dll
0x00007ffefe850000 - 0x00007ffefe9f1000 	C:\WINDOWS\System32\USER32.dll
0x00007ffefccc0000 - 0x00007ffefcce2000 	C:\WINDOWS\System32\win32u.dll
0x00007ffefe200000 - 0x00007ffefe22b000 	C:\WINDOWS\System32\GDI32.dll
0x00007ffefce50000 - 0x00007ffefcf69000 	C:\WINDOWS\System32\gdi32full.dll
0x00007ffefd5b0000 - 0x00007ffefd64d000 	C:\WINDOWS\System32\msvcp_win.dll
0x00007ffeed7b0000 - 0x00007ffeed7ce000 	C:\Program Files\Java\jdk-25.0.2\bin\VCRUNTIME140.dll
0x00007ffee9290000 - 0x00007ffee952b000 	C:\WINDOWS\WinSxS\amd64_microsoft.windows.common-controls_6595b64144ccf1df_6.0.19041.6456_none_60b8a6cb71f64256\COMCTL32.dll
0x00007ffefebd0000 - 0x00007ffefec6e000 	C:\WINDOWS\System32\msvcrt.dll
0x00007ffefeb30000 - 0x00007ffefeb5f000 	C:\WINDOWS\System32\IMM32.DLL
0x00007ffeed7a0000 - 0x00007ffeed7ac000 	C:\Program Files\Java\jdk-25.0.2\bin\vcruntime140_1.dll
0x00007ffedc690000 - 0x00007ffedc71d000 	C:\Program Files\Java\jdk-25.0.2\bin\msvcp140.dll
0x00007ffe77360000 - 0x00007ffe781bf000 	C:\Program Files\Java\jdk-25.0.2\bin\server\jvm.dll
0x00007ffefea70000 - 0x00007ffefeb21000 	C:\WINDOWS\System32\ADVAPI32.dll
0x00007ffefe230000 - 0x00007ffefe2cf000 	C:\WINDOWS\System32\sechost.dll
0x00007ffefe0e0000 - 0x00007ffefe200000 	C:\WINDOWS\System32\RPCRT4.dll
0x00007ffefd4f0000 - 0x00007ffefd517000 	C:\WINDOWS\System32\bcrypt.dll
0x00007ffefe7e0000 - 0x00007ffefe84b000 	C:\WINDOWS\System32\WS2_32.dll
0x00007ffefc200000 - 0x00007ffefc24b000 	C:\WINDOWS\SYSTEM32\POWRPROF.dll
0x00007ffedc890000 - 0x00007ffedc8b7000 	C:\WINDOWS\SYSTEM32\WINMM.dll
0x00007ffeeb440000 - 0x00007ffeeb44a000 	C:\WINDOWS\SYSTEM32\VERSION.dll
0x00007ffefc0c0000 - 0x00007ffefc0d2000 	C:\WINDOWS\SYSTEM32\UMPDC.dll
0x00007ffefaa50000 - 0x00007ffefaa62000 	C:\WINDOWS\SYSTEM32\kernel.appcore.dll
0x00007ffeed790000 - 0x00007ffeed79a000 	C:\Program Files\Java\jdk-25.0.2\bin\jimage.dll
0x00007ffefa140000 - 0x00007ffefa341000 	C:\WINDOWS\SYSTEM32\DBGHELP.DLL
0x00007ffeeb390000 - 0x00007ffeeb3c4000 	C:\WINDOWS\SYSTEM32\dbgcore.DLL
0x00007ffefd520000 - 0x00007ffefd5a2000 	C:\WINDOWS\System32\bcryptPrimitives.dll
0x00007ffee8f70000 - 0x00007ffee8f8f000 	C:\Program Files\Java\jdk-25.0.2\bin\java.dll
0x00007ffefe500000 - 0x00007ffefe62b000 	C:\WINDOWS\System32\ole32.dll
0x00007ffefdc70000 - 0x00007ffefdfc4000 	C:\WINDOWS\System32\combase.dll
0x00007ffefec70000 - 0x00007ffeff3e0000 	C:\WINDOWS\System32\SHELL32.dll

JVMTI agents: none

dbghelp: loaded successfully - version: 4.0.5 - missing functions: none
symbol engine: initialized successfully - sym options: 0x614 - pdb path: .;C:\Program Files\Java\jdk-25.0.2\bin;C:\WINDOWS\SYSTEM32;C:\Program Files\AVG\Antivirus;C:\WINDOWS\WinSxS\amd64_microsoft.windows.common-controls_6595b64144ccf1df_6.0.19041.6456_none_60b8a6cb71f64256;C:\Program Files\Java\jdk-25.0.2\bin\server

VM Arguments:
jvm_args: -XX:TieredStopAtLevel=1 
java_command: com.example.todo_backend.TodoBackendApplication
java_class_path (initial): C:\Users\Thandeka\Downloads\TodoSpringboot-824307a5f1aabdc8b5592664d3e5b43ed748c18a\TodoSpringboot-824307a5f1aabdc8b5592664d3e5b43ed748c18a\target\classes;C:\Users\Thandeka\.m2\repository\org\springframework\boot\spring-boot\3.5.14\spring-boot-3.5.14.jar;C:\Users\Thandeka\.m2\repository\org\springframework\boot\spring-boot-autoconfigure\3.5.14\spring-boot-autoconfigure-3.5.14.jar;C:\Users\Thandeka\.m2\repository\ch\qos\logback\logback-classic\1.5.32\logback-classic-1.5.32.jar;C:\Users\Thandeka\.m2\repository\ch\qos\logback\logback-core\1.5.32\logback-core-1.5.32.jar;C:\Users\Thandeka\.m2\repository\org\apache\logging\log4j\log4j-to-slf4j\2.24.3\log4j-to-slf4j-2.24.3.jar;C:\Users\Thandeka\.m2\repository\org\apache\logging\log4j\log4j-api\2.24.3\log4j-api-2.24.3.jar;C:\Users\Thandeka\.m2\repository\org\slf4j\jul-to-slf4j\2.0.17\jul-to-slf4j-2.0.17.jar;C:\Users\Thandeka\.m2\repository\jakarta\annotation\jakarta.annotation-api\2.1.1\jakarta.annotation-api-2.1.1.jar;C:\Users\Thandeka\.m2\repository\org\yaml\snakeyaml\2.4\snakeyaml-2.4.jar;C:\Users\Thandeka\.m2\repository\org\springframework\boot\spring-boot-actuator-autoconfigure\3.5.14\spring-boot-actuator-autoconfigure-3.5.14.jar;C:\Users\Thandeka\.m2\repository\org\springframework\boot\spring-boot-actuator\3.5.14\spring-boot-actuator-3.5.14.jar;C:\Users\Thandeka\.m2\repository\com\fasterxml\jackson\core\jackson-databind\2.21.2\jackson-databind-2.21.2.jar;C:\Users\Thandeka\.m2\repository\com\fasterxml\jackson\core\jackson-annotations\2.21\jackson-annotations-2.21.jar;C:\Users\Thandeka\.m2\repository\com\fasterxml\jackson\core\jackson-core\2.21.2\jackson-core-2.21.2.jar;C:\Users\Thandeka\.m2\repository\com\fasterxml\jackson\datatype\jackson-datatype-jsr310\2.21.2\jackson-datatype-jsr310-2.21.2.jar;C:\Users\Thandeka\.m2\repository\io\micrometer\micrometer-observation\1.15.11\micrometer-observation-1.15.11.jar;C:\Users\Thandeka\.m2\repository\io\micrometer\micrometer-commons\1.15.11\micrometer-commons-1.15.11.jar;C:\Users\Thandeka\.m2\repository\io\micrometer\micrometer-jakarta9\1.15.11\micrometer-jakarta9-1.15.11.jar;C:\Users\Thandeka\.m2\repository\io\micrometer\micrometer-core\1.15.11\micrometer-core-1.15.11.jar;C:\Users\Thandeka\.m2\repository\org\hdrhistogram\HdrHistogram\2.2.2\HdrHistogram-2.2.2.jar;C:\Users\Thandeka\.m2\repository\org\latencyutils\LatencyUtils\2.0.3\LatencyUtils-2.0.3.jar;C:\Users\Thandeka\.m2\repository\com\zaxxer\HikariCP\6.3.3\HikariCP-6.3.3.jar;C:\Users\Thandeka\.m2\repository\org\springframework\spring-jdbc\6.2.18\spring-jdbc-6.2.18.jar;C:\Users\Thandeka\.m2\repository\org\hibernate\orm\hibernate-core\6.6.49.Final\hibernate-core-6.6.49.Final.jar;C:\Users\Thandeka\.m2\repository\jakarta\persistence\jakarta.persistence-api\3.1.0\jakarta.persistence-api-3.1.0.jar;C:\Users\Thandeka\.m2\repository\jakarta\transaction\jakarta.transaction-api\2.0.1\jakarta.transaction-api-2.0.1.jar;C:\Users\Thandeka\.m2\repository\org\jboss\logging\jboss-logging\3.6.3.Final\jboss-logging-3.6.3.Final.jar;C:\Users\Thandeka\.m2\repository\org\hibernate\common\hibernate-commons-annotations\7.0.3.Final\hibernate-commons-annotations-7.0.3.Final.jar;C:\Users\Thandeka\.m2\repository\io\smallrye\jandex\3.2.0\jandex-3.2.0.jar;C:\Users\Thandeka\.m2\repository\com\fasterxml\classmate\1.7.3\classmate-1.7.3.jar;C:\Users\Thandeka\.m2\repository\net\bytebuddy\byte-buddy\1.17.8\byte-buddy-1.17.8.jar;C:\Users\Thandeka\.m2\repository\org\glassfish\jaxb\jaxb-runtime\4.0.6\jaxb-runtime-4.0.6.jar;C:\Users\Thandeka\.m2\repository\org\glassfish\jaxb\jaxb-core\4.0.6\jaxb-core-4.0.6.jar;C:\Users\Thandeka\.m2\repository\org\eclipse\angus\angus-activation\2.0.3\angus-activation-2.0.3.jar;C:\Users\Thandeka\.m2\repository\org\glassfish\jaxb\txw2\4.0.6\txw2-4.0.6.jar;C:\Users\Thandeka\.m2\repository\com\sun\istack\istack-commons-runtime\4.1.2\istack-commons-runtime-4.1.2.jar;C:\Users\Thandeka\.m2\repository\jakarta\inject\jakarta.inject-api\2.0.1\jakarta.inject-api-2.0.1.jar;C:\Users\Thandeka\.m2\repository\org\antlr\antlr4-runtime\4.13.0\antlr4-runtime-4.13.0.jar;C:\Users\Thandeka\.m2\repository\org\springframework\data\spring-data-jpa\3.5.11\spring-data-jpa-3.5.11.jar;C:\Users\Thandeka\.m2\repository\org\springframework\data\spring-data-commons\3.5.11\spring-data-commons-3.5.11.jar;C:\Users\Thandeka\.m2\repository\org\springframework\spring-orm\6.2.18\spring-orm-6.2.18.jar;C:\Users\Thandeka\.m2\repository\org\springframework\spring-context\6.2.18\spring-context-6.2.18.jar;C:\Users\Thandeka\.m2\repository\org\springframework\spring-aop\6.2.18\spring-aop-6.2.18.jar;C:\Users\Thandeka\.m2\repository\org\springframework\spring-tx\6.2.18\spring-tx-6.2.18.jar;C:\Users\Thandeka\.m2\repository\org\springframework\spring-beans\6.2.18\spring-beans-6.2.18.jar;C:\Users\Thandeka\.m2\repository\org\slf4j\slf4j-api\2.0.17\slf4j-api-2.0.17.jar;C:\Users\Thandeka\.m2\repository\org\springframework\spring-aspects\6.2.18\spring-aspects-6.2.18.jar;C:\Users\Thandeka\.m2\repository\org\aspectj\aspectjweaver\1.9.25.1\aspectjweaver-1.9.25.1.jar;C:\Users\Thandeka\.m2\repository\com\fasterxml\jackson\datatype\jackson-datatype-jdk8\2.21.2\jackson-datatype-jdk8-2.21.2.jar;C:\Users\Thandeka\.m2\repository\com\fasterxml\jackson\module\jackson-module-parameter-names\2.21.2\jackson-module-parameter-names-2.21.2.jar;C:\Users\Thandeka\.m2\repository\org\apache\tomcat\embed\tomcat-embed-core\10.1.54\tomcat-embed-core-10.1.54.jar;C:\Users\Thandeka\.m2\repository\org\apache\tomcat\embed\tomcat-embed-el\10.1.54\tomcat-embed-el-10.1.54.jar;C:\Users\Thandeka\.m2\repository\org\apache\tomcat\embed\tomcat-embed-websocket\10.1.54\tomcat-embed-websocket-10.1.54.jar;C:\Users\Thandeka\.m2\repository\org\springframework\spring-web\6.2.18\spring-web-6.2.18.jar;C:\Users\Thandeka\.m2\repository\org\springframework\spring-webmvc\6.2.18\spring-webmvc-6.2.18.jar;C:\Users\Thandeka\.m2\repository\org\springframework\spring-expression\6.2.18\spring-expression-6.2.18.jar;C:\Users\Thandeka\.m2\repository\org\springdoc\springdoc-openapi-starter-webmvc-ui\2.8.16\springdoc-openapi-starter-webmvc-ui-2.8.16.jar;C:\Users\Thandeka\.m2\repository\org\springdoc\springdoc-openapi-starter-webmvc-api\2.8.16\springdoc-openapi-starter-webmvc-api-2.8.16.jar;C:\Users\Thandeka\.m2\repository\org\springdoc\springdoc-openapi-starter-common\2.8.16\springdoc-openapi-starter-common-2.8.16.jar;C:\Users\Thandeka\.m2\repository\org\hibernate\validator\hibernate-validator\8.0.3.Final\hibernate-validator-8.0.3.Final.jar;C:\Users\Thandeka\.m2\repository\io\swagger\core\v3\swagger-core-jakarta\2.2.43\swagger-core-jakarta-2.2.43.jar;C:\Users\Thandeka\.m2\repository\org\apache\commons\commons-lang3\3.17.0\commons-lang3-3.17.0.jar;C:\Users\Thandeka\.m2\repository\io\swagger\core\v3\swagger-annotations-jakarta\2.2.43\swagger-annotations-jakarta-2.2.43.jar;C:\Users\Thandeka\.m2\repository\io\swagger\core\v3\swagger-models-jakarta\2.2.43\swagger-models-jakarta-2.2.43.jar;C:\Users\Thandeka\.m2\repository\jakarta\validation\jakarta.validation-api\3.0.2\jakarta.validation-api-3.0.2.jar;C:\Users\Thandeka\.m2\repository\com\fasterxml\jackson\dataformat\jackson-dataformat-yaml\2.21.2\jackson-dataformat-yaml-2.21.2.jar;C:\Users\Thandeka\.m2\repository\org\webjars\swagger-ui\5.32.0\swagger-ui-5.32.0.jar;C:\Users\Thandeka\.m2\repository\org\webjars\webjars-locator-lite\1.1.3\webjars-locator-lite-1.1.3.jar;C:\Users\Thandeka\.m2\repository\org\jspecify\jspecify\1.0.0\jspecify-1.0.0.jar;C:\Users\Thandeka\.m2\repository\com\h2database\h2\2.3.232\h2-2.3.232.jar;C:\Users\Thandeka\.m2\repository\jakarta\xml\bind\jakarta.xml.bind-api\4.0.4\jakarta.xml.bind-api-4.0.4.jar;C:\Users\Thandeka\.m2\repository\jakarta\activation\jakarta.activation-api\2.1.4\jakarta.activation-api-2.1.4.jar;C:\Users\Thandeka\.m2\repository\org\springframework\spring-core\6.2.18\spring-core-6.2.18.jar;C:\Users\Thandeka\.m2\repository\org\springframework\spring-jcl\6.2.18\spring-jcl-6.2.18.jar
Launcher Type: SUN_STANDARD

[Global flags]
     intx CICompilerCount                          = 1                                         {product} {ergonomic}
     uint ConcGCThreads                            = 1                                         {product} {ergonomic}
     uint G1ConcRefinementThreads                  = 2                                         {product} {ergonomic}
   size_t G1HeapRegionSize                         = 1048576                                   {product} {ergonomic}
   size_t InitialHeapSize                          = 65011712                                  {product} {ergonomic}
   size_t MarkStackSize                            = 4194304                                   {product} {ergonomic}
   size_t MarkStackSizeMax                         = 536870912                                 {product} {ergonomic}
   size_t MaxHeapSize                              = 1029701632                                {product} {ergonomic}
   size_t MinHeapDeltaBytes                        = 1048576                                   {product} {ergonomic}
   size_t MinHeapSize                              = 8388608                                   {product} {ergonomic}
    uintx NonNMethodCodeHeapSize                   = 4096                                   {pd product} {ergonomic}
    uintx NonProfiledCodeHeapSize                  = 0                                      {pd product} {ergonomic}
     bool ProfileInterpreter                       = false                                  {pd product} {command line}
    uintx ProfiledCodeHeapSize                     = 0                                      {pd product} {ergonomic}
   size_t SoftMaxHeapSize                          = 1029701632                             {manageable} {ergonomic}
     intx TieredStopAtLevel                        = 1                                         {product} {command line}
     bool UseCompressedOops                        = true                           {product lp64_product} {ergonomic}
     bool UseG1GC                                  = true                                      {product} {ergonomic}
     bool UseLargePagesIndividualAllocation        = false                                  {pd product} {ergonomic}

Logging:
Log output configuration:
 #0: stdout all=warning uptime,level,tags foldmultilines=false
 #1: stderr all=off uptime,level,tags foldmultilines=false

Release file:
<release file has not been read>
Environment Variables:
PATH=C:\Program Files\Common Files\Oracle\Java\javapath;C:\WINDOWS\system32;C:\WINDOWS;C:\WINDOWS\System32\Wbem;C:\WINDOWS\System32\WindowsPowerShell\v1.0\;C:\WINDOWS\System32\OpenSSH\;C:\Program Files\Intel\TXE Components\DAL\;C:\Program Files (x86)\Intel\TXE Components\DAL\;C:\WINDOWS\system32;C:\WINDOWS;C:\WINDOWS\System32\Wbem;C:\WINDOWS\System32\WindowsPowerShell\v1.0\;C:\WINDOWS\System32\OpenSSH\;C:\Recovery\OEM\Backup\;C:\Program Files\nodejs\;C:\Users\Thandeka\Downloads\apache-maven-3.9.16-bin\apache-maven-3.9.16\bin;C:\Program Files\Git\cmd;C:\Users\Thandeka\AppData\Local\Microsoft\WindowsApps;C:\Users\Thandeka\AppData\Local\Programs\Microsoft VS Code\bin;C:\Users\Thandeka\AppData\Roaming\npm;c:\Users\Thandeka\.vscode\extensions\vscjava.vscode-java-debug-0.59.2026052105\bundled\scripts\noConfigScripts
USERNAME=Thandeka
LANG=en_US.UTF-8
OS=Windows_NT
PROCESSOR_IDENTIFIER=Intel64 Family 6 Model 92 Stepping 9, GenuineIntel
TMP=C:\Users\Thandeka\AppData\Local\Temp
TEMP=C:\Users\Thandeka\AppData\Local\Temp




Compilation memory statistics disabled.

Periodic native trim disabled

---------------  S Y S T E M  ---------------

OS:
 Windows 10 , 64 bit Build 19041 (10.0.19041.5915)
OS uptime: 0 days 4:03 hours

CPU: total 2 (initial active 2) (2 cores per cpu, 1 threads per core) family 6 model 92 stepping 9 microcode 0x38, cx8, cmov, fxsr, mmx, 3dnowpref, sse, sse2, sse3, ssse3, sse4.1, sse4.2, popcnt, tsc, tscinvbit, aes, erms, clmul, sha, clflush, clflushopt, rdtscp
Processor Information for the first 2 processors :
  Max Mhz: 1101, Current Mhz: 1101, Mhz Limit: 1101

Memory: 4k page, system-wide physical 3927M (375M free)
TotalPageFile size 8652M (AvailPageFile size 8M)
current process WorkingSet (physical memory assigned to process): 11M, peak: 11M
current process commit charge ("private bytes"): 43M, peak: 105M

vm_info: Java HotSpot(TM) 64-Bit Server VM (25.0.2+10-LTS-69) for windows-amd64 JRE (25.0.2+10-LTS-69), built on 2025-12-18T11:36:35Z with MS VC++ 17.13 (VS2022)

END.
